<?xml version="1.0" encoding="UTF-8"?>
<testsuites name="jest tests" tests="9" failures="0" errors="0" time="1.84">
  <testsuite name="ExtractHelper" errors="0" failures="0" skipped="0" timestamp="2023-03-22T21:26:40" time="1.482" tests="7">
    <testcase classname="ExtractHelper .statusCode " name="ExtractHelper .statusCode " time="0.001">
    </testcase>
    <testcase classname="ExtractHelper .route with express app request" name="ExtractHelper .route with express app request" time="0.001">
    </testcase>
    <testcase classname="ExtractHelper .route without express app request" name="ExtractHelper .route without express app request" time="0">
    </testcase>
    <testcase classname="ExtractHelper .routeWithMark " name="ExtractHelper .routeWithMark " time="0">
    </testcase>
    <testcase classname="ExtractHelper .routeWithMark " name="ExtractHelper .routeWithMark " time="0">
    </testcase>
    <testcase classname="ExtractHelper .routeWithMark " name="ExtractHelper .routeWithMark " time="0">
    </testcase>
    <testcase classname="ExtractHelper .routeWithMark " name="ExtractHelper .routeWithMark " time="0.001">
    </testcase>
  </testsuite>
  <testsuite name="GET /users" errors="0" failures="0" skipped="0" timestamp="2023-03-22T21:26:40" time="1.604" tests="2">
    <testcase classname="GET /users express path dynamic id " name="GET /users express path dynamic id " time="0.016">
    </testcase>
    <testcase classname="GET /users when return 500 error" name="GET /users when return 500 error" time="0.002">
    </testcase>
  </testsuite>
</testsuites>